.FF......................                                                [100%]
================================== FAILURES ===================================
___________________ TestClassification.test_classify_sport ____________________
tests\test_api.py:32: in test_classify_sport
    assert data["label"] == "sport"
E   AssertionError: assert 'other' == 'sport'
E     
E     - sport
E     + other
_________________ TestClassification.test_classify_technology _________________
tests\test_api.py:43: in test_classify_technology
    assert r.json()["label"] == "technologie"
E   AssertionError: assert 'other' == 'technologie'
E     
E     - technologie
E     + other
=========================== short test summary info ===========================
FAILED tests/test_api.py::TestClassification::test_classify_sport - Assertion...
FAILED tests/test_api.py::TestClassification::test_classify_technology - Asse...
2 failed, 23 passed in 16.12s
